node.exe : FAIL 
tests/utils.test.js
At line:1 char:1
+ & "C:\Program 
Files\nodejs/node.exe" 
"C:\Program 
Files\nodejs/node_mo ...
+ ~~~~~~~~~~~~~~~~~~~~~~~~~~~
~~~~~~~~~~~~~~~~~~~~~~~~~~~~~
~~~~~~~~~~~~~
    + CategoryInfo           
   : NotSpecified: (FAIL te  
  sts/utils.test.js:String   
 ) [], RemoteException
    + FullyQualifiedErrorId  
   : NativeCommandError
 
  ΓùÅ Test suite failed to 
run

    ReferenceError: jest is 
not defined

    [0m [90m 3 |[39m 
[90m// Mock global browser 
APIs[39m
     [90m 4 |[39m global[3
3m.[39mlocalStorage 
[33m=[39m {
    
[31m[1m>[22m[39m[90m 5 
|[39m     
getItem[33m:[39m jest[33m.
[39mfn()[33m,[39m
     [90m   |[39m          
    [31m[1m^[22m[39m
     [90m 6 |[39m     
setItem[33m:[39m jest[33m.
[39mfn()[33m,[39m
     [90m 7 |[39m     
clear[33m:[39m jest[33m.[
39mfn()[33m,[39m
     [90m 8 |[39m     
removeItem[33m:[39m 
jest[33m.[39mfn()[0m

      at jest 
(tests/setup.js:5:14)

Test Suites: 1 failed, 1 
total
Tests:       0 total
Snapshots:   0 total
Time:        1.904 s
Ran all test suites matching 
/tests\\utils.test.js/i.
(node:12416) 
ExperimentalWarning: VM 
Modules is an experimental 
feature and might change at 
any time
(Use `node --trace-warnings 
...` to show where the 
warning was created)
